Sorted container:
Container contains 6 elements.
0: Object Oriented: name = dfgdfg popularity = 35%, age = 1925, legacy = 0
1: Object Oriented: name = qwerty popularity = 12%, age = 2005, legacy = 0
2: Object Oriented: name = werwer popularity = 54%, age = 2006, legacy = 1
3: Object Oriented: name = qweqw popularity = 65%, age = 1999, legacy = 1
4: Object Oriented: name = cxvxc popularity = 96%, age = 2019, legacy = 0
5: Object Oriented: name = zxc popularity = 24%, age = 2014, legacy = 2
